Microchip MPLAB XC8 Compiler V2.41

Linker command line:

-W-3 \
  --edf=C:/Program Files/Microchip/MPLABX/v6.10/packs/Microchip/PIC18Fxxxx_DFP/1.4.151/xc8\pic\dat\20230323171731_en.msgs \
  -cn -h+dist/default/production\Learning.production.sym \
  --cmf=dist/default/production\Learning.production.cmf -z -Q18F4620 \
  -oC:\Users\mahdy\AppData\Local\Temp\xcAsglg.\driver_tmp_3.o \
  --defsym=__MPLAB_BUILD=1 --fixupoverflow=error \
  -Mdist/default/production/Learning.production.map \
  --md=C:\Users\mahdy\AppData\Local\Temp\xcAsglg.\driver_tmp_0.dat -E1 \
  -ver=XC8 Compiler --acfsm=1493 -ACODE=00h-0FFFFh -ACONST=00h-0FFFFh \
  -ASMALLCONST=01000h-010FFhx240 -AMEDIUMCONST=01000h-0FFFFh \
  -ACOMRAM=01h-07Fh -AABS1=00h-0F7Fh -ABIGRAM=01h-0F7Fh \
  -ARAM=080h-0FFh,0100h-01FFhx14,0F00h-0F7Fh -ABANK0=080h-0FFh \
  -ABANK1=0100h-01FFh -ABANK2=0200h-02FFh -ABANK3=0300h-03FFh \
  -ABANK4=0400h-04FFh -ABANK5=0500h-05FFh -ABANK6=0600h-06FFh \
  -ABANK7=0700h-07FFh -ABANK8=0800h-08FFh -ABANK9=0900h-09FFh \
  -ABANK10=0A00h-0AFFh -ABANK11=0B00h-0BFFh -ABANK12=0C00h-0CFFh \
  -ABANK13=0D00h-0DFFh -ABANK14=0E00h-0EFFh -ABANK15=0F00h-0F7Fh \
  -ASFR=0F80h-0FFFh -ABIGSFR=0F80h-0FFFh -ACONFIG=0300000h-030000Dh \
  -AIDLOC=0200000h-0200007h -AEEDATA=0F00000h-0F003FFh -peeprom_data=EEDATA \
  -preset_vec=00h,intcode,intcodelo,powerup,init -pramtop=01000h \
  -psmallconst=SMALLCONST -pmediumconst=MEDIUMCONST -pconst=CONST \
  -AFARRAM=00h-00h \
  -prdata=COMRAM,nvrram=COMRAM,nvbit=COMRAM,rbss=COMRAM,rbit=COMRAM \
  -pfarbss=FARRAM,fardata=FARRAM,nvFARRAM=FARRAM \
  -pintsave_regs=BIGRAM,bigbss=BIGRAM,bigdata=BIGRAM -pbss=RAM \
  -pidata=CODE,irdata=CODE,ibigdata=CODE,ifardata=CODE -prparam=COMRAM \
  C:\Users\mahdy\AppData\Local\Temp\xcAsglg.\driver_tmp_9.o \
  dist/default/production\Learning.production.o 

Object code version is 3.11

Machine type is 18F4620



                Name                               Link     Load   Length Selector   Space Scale
C:\Users\mahdy\AppData\Local\Temp\xcAsglg.\driver_tmp_9.o
                config                           300000   300000        E        0       4
                init                                  0        0        4        0       0
dist/default/production\Learning.production.o
                config                           300000   300000        E        0       4
                text18                             EC84     EC84       26     7642       0
                text17                             F280     F280      14A     7940       0
                text16                             F3CA     F3CA      180     79E5       0
                text15                             EC18     EC18       24     760C       0
                text14                             EC3C     EC3C       24     761E       0
                text13                             EC60     EC60       24     7630       0
                text12                             EEF8     EEF8       94     777C       0
                text11                             F0F6     F0F6       C4     787B       0
                text10                             EF8C     EF8C       B0     77C6       0
                text9                              F03C     F03C       BA     781E       0
                text8                              F54A     F54A      194     7AA5       0
                text7                              ED62     ED62       86     76B1       0
                text6                              EDE8     EDE8       86     76F4       0
                text5                              F1BA     F1BA       C6     78DD       0
                text4                              F6DE     F6DE      490     7B6F       0
                text3                              EE6E     EE6E       8A     7737       0
                text2                              ECAA     ECAA       28     7655       0
                text1                              ECD2     ECD2       28     7669       0
                text0                              FB6E     FB6E      492     7DB7       0
                cstackCOMRAM                         33       33       1F        1       1
                dataCOMRAM                            1        1       32        1       1
                bssCOMRAM                            52       52       16        1       1
                cinit                              ED2C     ED2C       36     7696       0
                idataCOMRAM                        ECFA     ECFA       32     ECFA       0

TOTAL           Name                               Link     Load   Length     Space
        CLASS   CODE           
                init                                  0        0        4         0
                text18                             EC84     EC84       26         0
                text17                             F280     F280      14A         0
                text16                             F3CA     F3CA      180         0
                text15                             EC18     EC18       24         0
                text14                             EC3C     EC3C       24         0
                text13                             EC60     EC60       24         0
                text12                             EEF8     EEF8       94         0
                text11                             F0F6     F0F6       C4         0
                text10                             EF8C     EF8C       B0         0
                text9                              F03C     F03C       BA         0
                text8                              F54A     F54A      194         0
                text7                              ED62     ED62       86         0
                text6                              EDE8     EDE8       86         0
                text5                              F1BA     F1BA       C6         0
                text4                              F6DE     F6DE      490         0
                text3                              EE6E     EE6E       8A         0
                text2                              ECAA     ECAA       28         0
                text1                              ECD2     ECD2       28         0
                text0                              FB6E     FB6E      492         0
                cinit                              ED2C     ED2C       36         0
                idataCOMRAM                        ECFA     ECFA       32         0

        CLASS   CONST          

        CLASS   SMALLCONST     

        CLASS   MEDIUMCONST    

        CLASS   COMRAM         
                cstackCOMRAM                         33       33       1F         1
                dataCOMRAM                            1        1       32         1
                bssCOMRAM                            52       52       16         1

        CLASS   ABS1           

        CLASS   BIGRAM         

        CLASS   RAM            

        CLASS   BANK0          

        CLASS   BANK1          

        CLASS   BANK2          

        CLASS   BANK3          

        CLASS   BANK4          

        CLASS   BANK5          

        CLASS   BANK6          

        CLASS   BANK7          

        CLASS   BANK8          

        CLASS   BANK9          

        CLASS   BANK10         

        CLASS   BANK11         

        CLASS   BANK12         

        CLASS   BANK13         

        CLASS   BANK14         

        CLASS   BANK15         

        CLASS   SFR            

        CLASS   BIGSFR         

        CLASS   CONFIG         
                config                           300000   300000        E         4

        CLASS   IDLOC          

        CLASS   EEDATA         

        CLASS   FARRAM         

        CLASS   HEAP           

        CLASS   STACK          



SEGMENTS        Name                           Load    Length   Top    Selector   Space  Class

                reset_vec                      000000  000004  000004         0       0  CODE    
                dataCOMRAM                     000001  000067  000068         1       1  COMRAM  
                text15                         00EC18  000024  00EC3C      760C       0  CODE    
                text14                         00EC3C  000024  00EC60      761E       0  CODE    
                text13                         00EC60  000024  00EC84      7630       0  CODE    
                text18                         00EC84  000026  00ECAA      7642       0  CODE    
                text2                          00ECAA  000028  00ECD2      7655       0  CODE    
                text1                          00ECD2  000028  00ECFA      7669       0  CODE    
                idataCOMRAM                    00ECFA  000032  00ED2C      ECFA       0  CODE    
                cinit                          00ED2C  000036  00ED62      7696       0  CODE    
                text7                          00ED62  000086  00EDE8      76B1       0  CODE    
                text6                          00EDE8  000086  00EE6E      76F4       0  CODE    
                text3                          00EE6E  00008A  00EEF8      7737       0  CODE    
                text12                         00EEF8  000094  00EF8C      777C       0  CODE    
                text10                         00EF8C  0000B0  00F03C      77C6       0  CODE    
                text9                          00F03C  0000BA  00F0F6      781E       0  CODE    
                text11                         00F0F6  0000C4  00F1BA      787B       0  CODE    
                text5                          00F1BA  0000C6  00F280      78DD       0  CODE    
                text17                         00F280  00014A  00F3CA      7940       0  CODE    
                text16                         00F3CA  000180  00F54A      79E5       0  CODE    
                text8                          00F54A  000194  00F6DE      7AA5       0  CODE    
                text4                          00F6DE  000490  00FB6E      7B6F       0  CODE    
                text0                          00FB6E  000492  010000      7DB7       0  CODE    


UNUSED ADDRESS RANGES

        Name                Unused          Largest block    Delta
        BANK0            000080-0000FF               80
        BANK1            000100-0001FF              100
        BANK10           000A00-000AFF              100
        BANK11           000B00-000BFF              100
        BANK12           000C00-000CFF              100
        BANK13           000D00-000DFF              100
        BANK14           000E00-000EFF              100
        BANK15           000F00-000F7F               80
        BANK2            000200-0002FF              100
        BANK3            000300-0003FF              100
        BANK4            000400-0004FF              100
        BANK5            000500-0005FF              100
        BANK6            000600-0006FF              100
        BANK7            000700-0007FF              100
        BANK8            000800-0008FF              100
        BANK9            000900-0009FF              100
        BIGRAM           000068-000F7F              F18
        BIGSFR           000F80-000FFF               80
        CODE             000004-00EC17             EC14
        COMRAM           000068-00007F               18
        CONST            000004-00EC17             EC14
        EEDATA           F00000-F003FF              400
        IDLOC            200000-200007                8
        MEDIUMCONST      001000-00EC17             DC18
        RAM              000080-000F7F              100
        SFR              000F80-000FFF               80
        SMALLCONST       001000-00EC17              100

                                  Symbol Table

?___awdiv                                   cstackCOMRAM 000033
?___awmod                                   cstackCOMRAM 000033
?___wmul                                    cstackCOMRAM 000033
_LATA                                       (abs)        000F89
_LATB                                       (abs)        000F8A
_LATC                                       (abs)        000F8B
_LATD                                       (abs)        000F8C
_LATE                                       (abs)        000F8D
_PORTA                                      (abs)        000F80
_PORTB                                      (abs)        000F81
_PORTC                                      (abs)        000F82
_PORTD                                      (abs)        000F83
_PORTE                                      (abs)        000F84
_TRISA                                      (abs)        000F92
_TRISB                                      (abs)        000F93
_TRISC                                      (abs)        000F94
_TRISD                                      (abs)        000F95
_TRISE                                      (abs)        000F96
__HRAM                                      (abs)        000000
__H__absolute__                             __absolute__ 000000
__Habs1                                     abs1         000000
__Hbank0                                    bank0        000000
__Hbank1                                    bank1        000000
__Hbank10                                   bank10       000000
__Hbank11                                   bank11       000000
__Hbank12                                   bank12       000000
__Hbank13                                   bank13       000000
__Hbank14                                   bank14       000000
__Hbank15                                   bank15       000000
__Hbank2                                    bank2        000000
__Hbank3                                    bank3        000000
__Hbank4                                    bank4        000000
__Hbank5                                    bank5        000000
__Hbank6                                    bank6        000000
__Hbank7                                    bank7        000000
__Hbank8                                    bank8        000000
__Hbank9                                    bank9        000000
__Hbigbss                                   bigbss       000000
__Hbigdata                                  bigdata      000000
__Hbigram                                   bigram       000000
__Hbigsfr                                   bigsfr       000000
__Hbss                                      bss          000000
__HbssCOMRAM                                bssCOMRAM    000000
__Hcinit                                    cinit        000000
__Hclrtext                                  clrtext      000000
__Hcomram                                   comram       000000
__Hconfig                                   config       30000E
__Hconst                                    const        000000
__HcstackCOMRAM                             cstackCOMRAM 000000
__Hdata                                     data         000000
__HdataCOMRAM                               dataCOMRAM   000000
__Heeprom_data                              eeprom_data  000000
__Hfarbss                                   farbss       000000
__Hfardata                                  fardata      000000
__Hheap                                     heap         000000
__Hibigdata                                 ibigdata     000000
__Hidata                                    idata        000000
__HidataCOMRAM                              idataCOMRAM  000000
__Hidloc                                    idloc        000000
__Hifardata                                 ifardata     000000
__Hinit                                     init         000004
__Hintcode                                  intcode      000000
__Hintcode_body                             intcode_body 000000
__Hintcodelo                                intcodelo    000000
__Hintentry                                 intentry     000000
__Hintret                                   intret       000000
__Hintsave_regs                             intsave_regs 000000
__Hirdata                                   irdata       000000
__Hmediumconst                              mediumconst  000000
__HnvFARRAM                                 nvFARRAM     000000
__Hnvbit                                    nvbit        000000
__Hnvrram                                   nvrram       000000
__Hparam                                    rparam       000000
__Hpowerup                                  powerup      000000
__Hram                                      ram          000000
__Hramtop                                   ramtop       001000
__Hrbit                                     rbit         000000
__Hrbss                                     rbss         000000
__Hrdata                                    rdata        000000
__Hreset_vec                                reset_vec    000000
__Hrparam                                   rparam       000000
__Hsfr                                      sfr          000000
__Hsmallconst                               smallconst   000000
__Hspace_0                                  (abs)        010000
__Hspace_1                                  (abs)        000068
__Hspace_2                                  (abs)        000000
__Hspace_4                                  (abs)        60000E
__Hstack                                    stack        000000
__Hstruct                                   struct       000000
__Htemp                                     temp         000000
__Htext                                     text         000000
__Htext0                                    text0        000000
__Htext1                                    text1        000000
__Htext10                                   text10       000000
__Htext11                                   text11       000000
__Htext12                                   text12       000000
__Htext13                                   text13       000000
__Htext14                                   text14       000000
__Htext15                                   text15       000000
__Htext16                                   text16       000000
__Htext17                                   text17       000000
__Htext18                                   text18       000000
__Htext2                                    text2        000000
__Htext3                                    text3        000000
__Htext4                                    text4        000000
__Htext5                                    text5        000000
__Htext6                                    text6        000000
__Htext7                                    text7        000000
__Htext8                                    text8        000000
__Htext9                                    text9        000000
__LRAM                                      (abs)        000001
__L__absolute__                             __absolute__ 000000
__Labs1                                     abs1         000000
__Lbank0                                    bank0        000000
__Lbank1                                    bank1        000000
__Lbank10                                   bank10       000000
__Lbank11                                   bank11       000000
__Lbank12                                   bank12       000000
__Lbank13                                   bank13       000000
__Lbank14                                   bank14       000000
__Lbank15                                   bank15       000000
__Lbank2                                    bank2        000000
__Lbank3                                    bank3        000000
__Lbank4                                    bank4        000000
__Lbank5                                    bank5        000000
__Lbank6                                    bank6        000000
__Lbank7                                    bank7        000000
__Lbank8                                    bank8        000000
__Lbank9                                    bank9        000000
__Lbigbss                                   bigbss       000000
__Lbigdata                                  bigdata      000000
__Lbigram                                   bigram       000000
__Lbigsfr                                   bigsfr       000000
__Lbss                                      bss          000000
__LbssCOMRAM                                bssCOMRAM    000000
__Lcinit                                    cinit        000000
__Lclrtext                                  clrtext      000000
__Lcomram                                   comram       000000
__Lconfig                                   config       000000
__Lconst                                    const        000000
__LcstackCOMRAM                             cstackCOMRAM 000000
__Ldata                                     data         000000
__LdataCOMRAM                               dataCOMRAM   000000
__Leeprom_data                              eeprom_data  000000
__Lfarbss                                   farbss       000000
__Lfardata                                  fardata      000000
__Lheap                                     heap         000000
__Libigdata                                 ibigdata     000000
__Lidata                                    idata        000000
__LidataCOMRAM                              idataCOMRAM  000000
__Lidloc                                    idloc        000000
__Lifardata                                 ifardata     000000
__Linit                                     init         000000
__Lintcode                                  intcode      000000
__Lintcode_body                             intcode_body 000000
__Lintcodelo                                intcodelo    000000
__Lintentry                                 intentry     000000
__Lintret                                   intret       000000
__Lintsave_regs                             intsave_regs 000000
__Lirdata                                   irdata       000000
__Lmediumconst                              mediumconst  000000
__LnvFARRAM                                 nvFARRAM     000000
__Lnvbit                                    nvbit        000000
__Lnvrram                                   nvrram       000000
__Lparam                                    rparam       000000
__Lpowerup                                  powerup      000000
__Lram                                      ram          000000
__Lramtop                                   ramtop       001000
__Lrbit                                     rbit         000000
__Lrbss                                     rbss         000000
__Lrdata                                    rdata        000000
__Lreset_vec                                reset_vec    000000
__Lrparam                                   rparam       000000
__Lsfr                                      sfr          000000
__Lsmallconst                               smallconst   000000
__Lspace_0                                  (abs)        000000
__Lspace_1                                  (abs)        000000
__Lspace_2                                  (abs)        000000
__Lspace_4                                  (abs)        000000
__Lstack                                    stack        000000
__Lstruct                                   struct       000000
__Ltemp                                     temp         000000
__Ltext                                     text         000000
__Ltext0                                    text0        000000
__Ltext1                                    text1        000000
__Ltext10                                   text10       000000
__Ltext11                                   text11       000000
__Ltext12                                   text12       000000
__Ltext13                                   text13       000000
__Ltext14                                   text14       000000
__Ltext15                                   text15       000000
__Ltext16                                   text16       000000
__Ltext17                                   text17       000000
__Ltext18                                   text18       000000
__Ltext2                                    text2        000000
__Ltext3                                    text3        000000
__Ltext4                                    text4        000000
__Ltext5                                    text5        000000
__Ltext6                                    text6        000000
__Ltext7                                    text7        000000
__Ltext8                                    text8        000000
__Ltext9                                    text9        000000
__S0                                        (abs)        010000
__S1                                        (abs)        000068
__S4                                        (abs)        000000
__S5                                        (abs)        000000
___awdiv                                    text11       00F0F6
___awdiv@counter                            cstackCOMRAM 000037
___awdiv@dividend                           cstackCOMRAM 000033
___awdiv@divisor                            cstackCOMRAM 000035
___awdiv@quotient                           cstackCOMRAM 000039
___awdiv@sign                               cstackCOMRAM 000038
___awmod                                    text10       00EF8C
___awmod@counter                            cstackCOMRAM 000037
___awmod@dividend                           cstackCOMRAM 000033
___awmod@divisor                            cstackCOMRAM 000035
___awmod@sign                               cstackCOMRAM 000038
___heap_hi                                  (abs)        000000
___heap_lo                                  (abs)        000000
___inthi_sp                                 stack        000000
___intlo_sp                                 stack        000000
___param_bank                               (abs)        000000
___rparam_used                              (abs)        000001
___sp                                       stack        000000
___wmul                                     text18       00EC84
___wmul@multiplicand                        cstackCOMRAM 000035
___wmul@multiplier                          cstackCOMRAM 000033
___wmul@product                             cstackCOMRAM 000037
__accesstop                                 (abs)        000080
__activetblptr                              (abs)        000002
__end_of___awdiv                            text11       00F1BA
__end_of___awmod                            text10       00F03C
__end_of___wmul                             text18       00ECAA
__end_of__initialization                    cinit        00ED58
__end_of_application_init                   text3        00EEF8
__end_of_button_initialization              text15       00EC3C
__end_of_button_read_logic                  text8        00F6DE
__end_of_buzzer_initialization              text14       00EC60
__end_of_buzzer_off                         text2        00ECD2
__end_of_buzzer_on                          text1        00ECFA
__end_of_gpio_pin_direction_init            text16       00F54A
__end_of_gpio_pin_read_logic                text9        00F0F6
__end_of_gpio_pin_write_logic               text17       00F3CA
__end_of_main                               text0        010000
__end_of_seven_segment_control_initialize   text13       00EC84
__end_of_seven_segment_control_turn_off     text7        00EDE8
__end_of_seven_segment_control_turn_on      text6        00EE6E
__end_of_seven_segment_initialize           text12       00EF8C
__end_of_seven_segment_write_number         text5        00F280
__end_of_timer_init                         text4        00FB6E
__initialization                            cinit        00ED2C
__mediumconst                               mediumconst  000000
__pbssCOMRAM                                bssCOMRAM    000052
__pcinit                                    cinit        00ED2C
__pcstackCOMRAM                             cstackCOMRAM 000033
__pdataCOMRAM                               dataCOMRAM   000001
__pidataCOMRAM                              idataCOMRAM  00ECFA
__ptext0                                    text0        00FB6E
__ptext1                                    text1        00ECD2
__ptext10                                   text10       00EF8C
__ptext11                                   text11       00F0F6
__ptext12                                   text12       00EEF8
__ptext13                                   text13       00EC60
__ptext14                                   text14       00EC3C
__ptext15                                   text15       00EC18
__ptext16                                   text16       00F3CA
__ptext17                                   text17       00F280
__ptext18                                   text18       00EC84
__ptext2                                    text2        00ECAA
__ptext3                                    text3        00EE6E
__ptext4                                    text4        00F6DE
__ptext5                                    text5        00F1BA
__ptext6                                    text6        00EDE8
__ptext7                                    text7        00ED62
__ptext8                                    text8        00F54A
__ptext9                                    text9        00F03C
__ramtop                                    ramtop       001000
__smallconst                                smallconst   000000
_application_init                           text3        00EE6E
_button_initialization                      text15       00EC18
_button_read_logic                          text8        00F54A
_buzzer                                     bssCOMRAM    000067
_buzzer_initialization                      text14       00EC3C
_buzzer_off                                 text2        00ECAA
_buzzer_on                                  text1        00ECD2
_counter                                    bssCOMRAM    000057
_down_button                                dataCOMRAM   000027
_down_button_state                          bssCOMRAM    000065
_gpio_pin_direction_init                    text16       00F3CA
_gpio_pin_read_logic                        text9        00F03C
_gpio_pin_write_logic                       text17       00F280
_hours                                      bssCOMRAM    00005A
_lat_registers                              dataCOMRAM   00000B
_loop_flag                                  bssCOMRAM    00005C
_main                                       text0        00FB6E
_main$570                                   cstackCOMRAM 000050
_minutes                                    bssCOMRAM    000059
_port_registers                             dataCOMRAM   000001
_ret                                        bssCOMRAM    00005B
_seconds                                    bssCOMRAM    000058
_segment_1                                  dataCOMRAM   00001F
_segment_1_control                          dataCOMRAM   000032
_segment_2_control                          dataCOMRAM   000031
_segment_3_control                          dataCOMRAM   000030
_segment_4_control                          dataCOMRAM   00002F
_segment_5_control                          dataCOMRAM   00002E
_segment_6_control                          dataCOMRAM   00002D
_set_button                                 dataCOMRAM   000024
_set_button_state                           bssCOMRAM    000064
_seven_segment_control_initialize           text13       00EC60
_seven_segment_control_turn_off             text7        00ED62
_seven_segment_control_turn_on              text6        00EDE8
_seven_segment_initialize                   text12       00EEF8
_seven_segment_write_number                 text5        00F1BA
_timer_init                                 text4        00F6DE
_total_secondes                             bssCOMRAM    000052
_tris_registers                             dataCOMRAM   000015
_up_button                                  dataCOMRAM   00002A
_up_button_state                            bssCOMRAM    000066
_var                                        bssCOMRAM    000056
button_initialization@btn                   cstackCOMRAM 000046
button_read_logic@Pin_Logic_Status          cstackCOMRAM 000041
button_read_logic@btn                       cstackCOMRAM 00003C
button_read_logic@state                     cstackCOMRAM 00003E
buzzer_initialization@buzzer_config         cstackCOMRAM 000046
buzzer_off@buzzer_config                    cstackCOMRAM 00003D
buzzer_on@buzzer_config                     cstackCOMRAM 00003D
end_of_initialization                       cinit        00ED58
gpio_pin_direction_init@_pin_config         cstackCOMRAM 00003D
gpio_pin_direction_init@ret                 cstackCOMRAM 000045
gpio_pin_read_logic@_logic                  cstackCOMRAM 000035
gpio_pin_read_logic@_pin_config             cstackCOMRAM 000033
gpio_pin_write_logic@_logic                 cstackCOMRAM 000035
gpio_pin_write_logic@_pin_config            cstackCOMRAM 000033
gpio_pin_write_logic@ret                    cstackCOMRAM 00003C
intlevel0                                   text         000000
intlevel1                                   text         000000
intlevel2                                   text         000000
intlevel3                                   text         000000
isa$std                                     (abs)        000001
isa$xinst                                   (abs)        000000
led_initialization@F2879                    bssCOMRAM    000063
led_off@F2889                               bssCOMRAM    000061
led_on@F2884                                bssCOMRAM    000062
led_toggle@F2894                            bssCOMRAM    000060
relay_initialization@F2878                  bssCOMRAM    00005F
relay_off@F2888                             bssCOMRAM    00005D
relay_on@F2883                              bssCOMRAM    00005E
seven_segment_control_initialize@pin_config cstackCOMRAM 000046
seven_segment_control_turn_off@pin_config   cstackCOMRAM 00003F
seven_segment_control_turn_off@seg_config   cstackCOMRAM 00003D
seven_segment_control_turn_on@pin_config    cstackCOMRAM 00003F
seven_segment_control_turn_on@seg_config    cstackCOMRAM 00003D
seven_segment_initialize@seg_config         cstackCOMRAM 000046
seven_segment_write_number@number           cstackCOMRAM 00003F
seven_segment_write_number@seg_config       cstackCOMRAM 00003D
stackhi                                     (abs)        000000
stacklo                                     (abs)        000000
start                                       init         000000
start_initialization                        cinit        00ED2C


MODULE INFORMATION

Module		Function		Class		Link	Load	Size
C:\Program Files\Microchip\xc8\v2.41\pic\sources\c99\common\awmod.c
		___awmod       		CODE           	EF8C	0000	176

C:\Program Files\Microchip\xc8\v2.41\pic\sources\c99\common\awmod.c estimated size: 176

Mcal_Layer/GPIO/hal_gpio.c
		_gpio_pin_write_logic		CODE           	F280	0000	330
		_gpio_pin_direction_init		CODE           	F3CA	0000	384
		_gpio_pin_read_logic		CODE           	F03C	0000	186

Mcal_Layer/GPIO/hal_gpio.c estimated size: 900

ECU_Layer/7_Segment/ecu_sev_segment.c
		_seven_segment_initialize		CODE           	EEF8	0000	148
		_seven_segment_control_turn_on		CODE           	EDE8	0000	134
		_seven_segment_write_number		CODE           	F1BA	0000	198
		_seven_segment_control_turn_off		CODE           	ED62	0000	134
		_seven_segment_control_initialize		CODE           	EC60	0000	36

ECU_Layer/7_Segment/ecu_sev_segment.c estimated size: 650

ECU_Layer/button/ecu_button.c
		_button_read_logic		CODE           	F54A	0000	404
		_button_initialization		CODE           	EC18	0000	36

ECU_Layer/button/ecu_button.c estimated size: 440

C:\Program Files\Microchip\xc8\v2.41\pic\sources\c99\common\awdiv.c
		___awdiv       		CODE           	F0F6	0000	196

C:\Program Files\Microchip\xc8\v2.41\pic\sources\c99\common\awdiv.c estimated size: 196

ECU_Layer/Buzzer/ecu_buzzer.c
		_buzzer_initialization		CODE           	EC3C	0000	36
		_buzzer_on     		CODE           	ECD2	0000	40
		_buzzer_off    		CODE           	ECAA	0000	40

ECU_Layer/Buzzer/ecu_buzzer.c estimated size: 116

shared
		__initialization		CODE           	ED2C	0000	44

shared estimated size: 44

C:\Program Files\Microchip\xc8\v2.41\pic\sources\c99\common\Umul16.c
		___wmul        		CODE           	EC84	0000	38

C:\Program Files\Microchip\xc8\v2.41\pic\sources\c99\common\Umul16.c estimated size: 38

application.c
		_main          		CODE           	FB6E	0000	1170
		_timer_init    		CODE           	F6DE	0000	1168
		_application_init		CODE           	EE6E	0000	138

application.c estimated size: 2476

